<TClass><TId><TLcurly><TPublic><TStatic><TVoid><TMain><TRparen><TString><TLbracket><TRbracket><TLparen><TLcurly><TPrint><TRparen><TNew><TLparen><TPeriod><TLparen><TLparen><TSemicolon><TRcurly><TRcurly><TComments><TThis><TId><TId><TId><TClass><TId><TLcurly><TPublic><TInt><TId><TId><TRparen><TInt><TLcurly><TInt><TSemicolon><TIf><TRparen><TId><TLt><TLparen><TComments><TId><TId><TId><TId><TId><TId><TId><TId><TId><TId><TId><TTimes><TId><TId><TEqual><TSemicolon><TElse><TId><TEqual><TId><TTimes><TRparen><TId><TPeriod><TId><TId><TRparen><TId><TMinus><TLparen><TLparen><TSemicolon><TId><TTimes><TId><TId><TId><TId><TId><TId><TId><TId><TId><TId><TId><TId><TId><TId><TTimes><TId><TReturn><TId><TId><TSemicolon><TRcurly><TRcurly>